../Core/Src/main.c:117:5:main	104	static
../Core/Src/main.c:225:6:read_joystick	8	static
../Core/Src/main.c:235:6:HAL_ADC_ConvCpltCallback	16	static
../Core/Src/main.c:243:6:dino_game	24	static
../Core/Src/main.c:309:6:draw_dino_background	16	static
../Core/Src/main.c:322:6:dino_generate_obstacles	24	static
../Core/Src/main.c:369:6:set_dino_char	72	static
../Core/Src/main.c:468:6:SystemClock_Config	88	static
../Core/Src/main.c:510:13:MX_ADC1_Init	24	static
../Core/Src/main.c:571:13:MX_USART2_UART_Init	8	static
../Core/Src/main.c:602:13:MX_DMA_Init	16	static
../Core/Src/main.c:620:13:MX_GPIO_Init	48	static
../Core/Src/main.c:680:6:Error_Handler	4	static,ignoring_inline_asm
