../Core/Src/main.c:75:5:main	104	static
../Core/Src/main.c:136:6:read_joystick	8	static
../Core/Src/main.c:146:6:HAL_ADC_ConvCpltCallback	16	static
../Core/Src/main.c:154:6:clear_custom_char	24	static
../Core/Src/main.c:165:6:dino_game	24	static
../Core/Src/main.c:215:6:cleanmat	16	static
../Core/Src/main.c:223:6:draw_dino_background	16	static
../Core/Src/main.c:236:6:dino_generate_obstacles	24	static
../Core/Src/main.c:276:6:set_dino_char	72	static
../Core/Src/main.c:373:6:SystemClock_Config	88	static
../Core/Src/main.c:415:13:MX_ADC1_Init	24	static
../Core/Src/main.c:476:13:MX_USART2_UART_Init	8	static
../Core/Src/main.c:507:13:MX_DMA_Init	16	static
../Core/Src/main.c:525:13:MX_GPIO_Init	48	static
../Core/Src/main.c:585:6:Error_Handler	4	static,ignoring_inline_asm
