../Core/Src/main.c:103:5:main	104	static
../Core/Src/main.c:211:6:read_joystick	8	static
../Core/Src/main.c:221:6:HAL_ADC_ConvCpltCallback	16	static
../Core/Src/main.c:229:6:dino_game	24	static
../Core/Src/main.c:295:6:draw_dino_background	16	static
../Core/Src/main.c:308:6:dino_generate_obstacles	24	static
../Core/Src/main.c:355:6:set_dino_char	72	static
../Core/Src/main.c:454:6:SystemClock_Config	88	static
../Core/Src/main.c:496:13:MX_ADC1_Init	24	static
../Core/Src/main.c:557:13:MX_USART2_UART_Init	8	static
../Core/Src/main.c:588:13:MX_DMA_Init	16	static
../Core/Src/main.c:606:13:MX_GPIO_Init	48	static
../Core/Src/main.c:666:6:Error_Handler	4	static,ignoring_inline_asm
